[ Info: Loading Interpolations extension for LevelSetMethods.jl
[ Info: Loading extension for Newton reinitialization
[ Info: Loading Makie extension for LevelSetMethods.jl
Precompiling EvolvingDomainsMakieExt...
   7242.3 ms  ✓ EvolvingDomains → EvolvingDomainsMakieExt
  1 dependency successfully precompiled in 8 seconds. 359 already precompiled.
════════════════════════════════════════════════════════════
  Colliding Balls — EvolvingDomains.jl V2
════════════════════════════════════════════════════════════
Grid: 80×80, Δt = 0.02, Steps = 50
Target: Balls merge mid-simulation

✅ Animation saved to: /Users/naoufel/Documents/work/hybrid_FD_FE/EvolvingDomains.jl/examples/colliding_balls_minimal.gif
════════════════════════════════════════════════════════════
[ Info: Loading Interpolations extension for LevelSetMethods.jl
[ Info: Loading extension for Newton reinitialization
[ Info: Loading Makie extension for LevelSetMethods.jl
Generating visualization...
Saved /Users/naoufel/Documents/work/hybrid_FD_FE/EvolvingDomains.jl/examples/csg_overview.png
[ Info: Loading Interpolations extension for LevelSetMethods.jl
[ Info: Loading extension for Newton reinitialization
[ Info: Loading Makie extension for LevelSetMethods.jl
════════════════════════════════════════════════════════════
  Independent Motion — EvolvingDomains.jl V2
════════════════════════════════════════════════════════════
Grid: 60×60, Δt = 0.04, Steps = 50
Pattern: Multi-Level Set (2 separate geometries)

✅ Animation saved to: /Users/naoufel/Documents/work/hybrid_FD_FE/EvolvingDomains.jl/examples/independent_motion_minimal.gif
════════════════════════════════════════════════════════════
[ Info: Loading Interpolations extension for LevelSetMethods.jl
[ Info: Loading extension for Newton reinitialization
[ Info: Loading Makie extension for LevelSetMethods.jl
════════════════════════════════════════════════════════════
  Stokes-Driven Geometry — EvolvingDomains.jl V2
  (Cartesian Grid Minimal Example)
════════════════════════════════════════════════════════════
[Grid] Generating Cartesian Mesh...
[Grid] Domain is [0,1]x[0,1]
Velocity: Parabolic channel flow (max magnitude ≈ 1.0)
Steps: 75, Δt = 0.01

✅ Animation saved to: /Users/naoufel/Documents/work/hybrid_FD_FE/EvolvingDomains.jl/examples/stokes_driven_minimal.gif
════════════════════════════════════════════════════════════
[ Info: Loading Interpolations extension for LevelSetMethods.jl
[ Info: Loading extension for Newton reinitialization
[ Info: Loading Makie extension for LevelSetMethods.jl
════════════════════════════════════════════════════════════
  Zalesak Disk Rotation — EvolvingDomains.jl V2
════════════════════════════════════════════════════════════
Grid: 80×80, Δt = 0.05, Steps = 126
Target: Full 360° rotation

✅ Animation saved to: /Users/naoufel/Documents/work/hybrid_FD_FE/EvolvingDomains.jl/examples/zalesak_minimal.gif
════════════════════════════════════════════════════════════
Precompiling EvolvingDomains...
   3190.3 ms  ✓ EvolvingDomains
  1 dependency successfully precompiled in 4 seconds. 157 already precompiled.
[ Info: generating markdown page from `~/Documents/work/hybrid_FD_FE/EvolvingDomains.jl/examples/colliding_balls_minimal.jl`
[ Info: writing result to `~/Documents/work/hybrid_FD_FE/EvolvingDomains.jl/docs/src/examples/colliding_balls_minimal.md`
[ Info: generating markdown page from `~/Documents/work/hybrid_FD_FE/EvolvingDomains.jl/examples/csg.jl`
[ Info: writing result to `~/Documents/work/hybrid_FD_FE/EvolvingDomains.jl/docs/src/examples/csg.md`
[ Info: generating markdown page from `~/Documents/work/hybrid_FD_FE/EvolvingDomains.jl/examples/independent_motion_minimal.jl`
[ Info: writing result to `~/Documents/work/hybrid_FD_FE/EvolvingDomains.jl/docs/src/examples/independent_motion_minimal.md`
[ Info: generating markdown page from `~/Documents/work/hybrid_FD_FE/EvolvingDomains.jl/examples/stokes_driven_minimal.jl`
[ Info: writing result to `~/Documents/work/hybrid_FD_FE/EvolvingDomains.jl/docs/src/examples/stokes_driven_minimal.md`
[ Info: generating markdown page from `~/Documents/work/hybrid_FD_FE/EvolvingDomains.jl/examples/zalesak_minimal.jl`
[ Info: writing result to `~/Documents/work/hybrid_FD_FE/EvolvingDomains.jl/docs/src/examples/zalesak_minimal.md`
[ Info: SetupBuildDirectory: setting up build directory.
[ Info: Doctest: running doctests.
[ Info: ExpandTemplates: expanding markdown templates.
[ Info: CrossReferences: building cross-references.
[ Info: CheckDocument: running document checks.
[ Info: Populate: populating indices.
[ Info: RenderDocument: rendering document.
[ Info: HTMLWriter: rendering HTML pages.
┌ Warning: For 1 @example blocks, the 'text/html' representation of the resulting
│ object is above the threshold (example_size_threshold: 8192 bytes).
│ - 1 blocks had 'image/png' fallback image representation available, using that.
│   On pages: examples/csg.md
└ @ Documenter.HTMLWriter ~/.julia/packages/Documenter/xvqbW/src/html/HTMLWriter.jl:915
[ Info: Automatic `version="0.0.2"` for inventory from ../Project.toml
┌ Warning: Documenter could not auto-detect the building environment. Skipping deployment.
└ @ Documenter ~/.julia/packages/Documenter/xvqbW/src/deployconfig.jl:93
Pre-generating artifact for colliding_balls_minimal.jl ...
Copied colliding_balls_minimal.gif to output directory.
Pre-generating artifact for csg.jl ...
Pre-generating artifact for independent_motion_minimal.jl ...
Copied independent_motion_minimal.gif to output directory.
Pre-generating artifact for stokes_driven_minimal.jl ...
Copied stokes_driven_minimal.gif to output directory.
Pre-generating artifact for zalesak_minimal.jl ...
Copied zalesak_minimal.gif to output directory.
