[ Info: generating markdown page from `~/Documents/work/hybrid_FD_FE/EvolvingDomains.jl/examples/colliding_balls_minimal.jl`
[ Info: writing result to `~/Documents/work/hybrid_FD_FE/EvolvingDomains.jl/docs/src/examples/colliding_balls_minimal.md`
[ Info: generating markdown page from `~/Documents/work/hybrid_FD_FE/EvolvingDomains.jl/examples/csg.jl`
[ Info: writing result to `~/Documents/work/hybrid_FD_FE/EvolvingDomains.jl/docs/src/examples/csg.md`
[ Info: generating markdown page from `~/Documents/work/hybrid_FD_FE/EvolvingDomains.jl/examples/independent_motion_minimal.jl`
[ Info: writing result to `~/Documents/work/hybrid_FD_FE/EvolvingDomains.jl/docs/src/examples/independent_motion_minimal.md`
[ Info: generating markdown page from `~/Documents/work/hybrid_FD_FE/EvolvingDomains.jl/examples/stokes_driven_minimal.jl`
[ Info: writing result to `~/Documents/work/hybrid_FD_FE/EvolvingDomains.jl/docs/src/examples/stokes_driven_minimal.md`
[ Info: generating markdown page from `~/Documents/work/hybrid_FD_FE/EvolvingDomains.jl/examples/zalesak_minimal.jl`
[ Info: writing result to `~/Documents/work/hybrid_FD_FE/EvolvingDomains.jl/docs/src/examples/zalesak_minimal.md`
[ Info: SetupBuildDirectory: setting up build directory.
[ Info: Doctest: running doctests.
[ Info: ExpandTemplates: expanding markdown templates.
┌ Error: failed to run `@example` block in docs/src/examples/csg.md:77-81
│ ```@example csg
│ geom_zalesak = EvolvingDiscreteGeometry(model, x -> geo_zalesak(x))
│ geom_clipped = EvolvingDiscreteGeometry(model, x -> geo_clipped(x))
│ geom_union   = EvolvingDiscreteGeometry(model, x -> geo_union(x))
│ ```
│   exception =
│    MethodError: no method matching -(::Tuple{Float64, Float64}, ::Gridap.TensorValues.VectorValue{2, Float64})
│    The function `-` exists, but no method is defined for this combination of argument types.
│    
│    Closest candidates are:
│      -(!Matched::Missing, ::Number)
│       @ Base missing.jl:123
│      -(!Matched::typeof(Gridap.Fields.gradient), ::Gridap.TensorValues.VectorValue)
│       @ Gridap ~/.julia/packages/Gridap/20Ftr/src/Fields/DiffOperators.jl:146
│      -(!Matched::ChainRulesCore.NotImplemented, ::Any)
│       @ ChainRulesCore ~/.julia/packages/ChainRulesCore/Vsbj9/src/tangent_arithmetic.jl:49
│      ...
│    
│    Stacktrace:
│      [1] signed_distance(c::Circle{Float64}, x::Tuple{Float64, Float64})
│        @ EvolvingDomains ~/Documents/work/hybrid_FD_FE/EvolvingDomains.jl/src/GeometryDesign.jl:42
│      [2] signed_distance(g::EvolvingDomains.GeometryDifference{Circle{Float64}, Rectangle{Float64}}, x::Tuple{Float64, Float64})
│        @ EvolvingDomains ~/Documents/work/hybrid_FD_FE/EvolvingDomains.jl/src/GeometryDesign.jl:94
│      [3] (::EvolvingDomains.GeometryDifference{Circle{Float64}, Rectangle{Float64}})(x::Tuple{Float64, Float64})
│        @ EvolvingDomains ~/Documents/work/hybrid_FD_FE/EvolvingDomains.jl/src/GeometryDesign.jl:25
│      [4] (::Main.__atexample__named__csg.var"#1#2")(x::Tuple{Float64, Float64})
│        @ Main.__atexample__named__csg ./csg.md:78
│      [5] EvolvingDiscreteGeometry(bg_model::Gridap.Geometry.CartesianDiscreteModel{2, Float64, typeof(identity)}, lsm_model::Gridap.Geometry.CartesianDiscreteModel{2, Float64, typeof(identity)}, initial_sdf::Main.__atexample__named__csg.var"#1#2"; velocity::Nothing, reinit_freq::Int64)
│        @ EvolvingDomains ~/Documents/work/hybrid_FD_FE/EvolvingDomains.jl/src/EvolvingGeometry.jl:85
│      [6] #EvolvingDiscreteGeometry#2
│        @ ~/Documents/work/hybrid_FD_FE/EvolvingDomains.jl/src/EvolvingGeometry.jl:65 [inlined]
│      [7] EvolvingDiscreteGeometry(model::Gridap.Geometry.CartesianDiscreteModel{2, Float64, typeof(identity)}, initial_sdf::Function)
│        @ EvolvingDomains ~/Documents/work/hybrid_FD_FE/EvolvingDomains.jl/src/EvolvingGeometry.jl:62
│      [8] top-level scope
│        @ csg.md:78
│      [9] eval
│        @ ./boot.jl:430 [inlined]
│     [10] #59
│        @ ~/.julia/packages/Documenter/xvqbW/src/expander_pipeline.jl:879 [inlined]
│     [11] cd(f::Documenter.var"#59#61"{Module, Expr}, dir::String)
│        @ Base.Filesystem ./file.jl:112
│     [12] (::Documenter.var"#58#60"{Documenter.Page, Module, Expr})()
│        @ Documenter ~/.julia/packages/Documenter/xvqbW/src/expander_pipeline.jl:878
│     [13] (::IOCapture.var"#5#9"{DataType, Documenter.var"#58#60"{Documenter.Page, Module, Expr}, IOContext{Base.PipeEndpoint}, IOContext{Base.PipeEndpoint}, IOStream, IOStream})()
│        @ IOCapture ~/.julia/packages/IOCapture/MR051/src/IOCapture.jl:170
│     [14] with_logstate(f::IOCapture.var"#5#9"{DataType, Documenter.var"#58#60"{Documenter.Page, Module, Expr}, IOContext{Base.PipeEndpoint}, IOContext{Base.PipeEndpoint}, IOStream, IOStream}, logstate::Base.CoreLogging.LogState)
│        @ Base.CoreLogging ./logging/logging.jl:524
│     [15] with_logger(f::Function, logger::Base.CoreLogging.ConsoleLogger)
│        @ Base.CoreLogging ./logging/logging.jl:635
│     [16] capture(f::Documenter.var"#58#60"{Documenter.Page, Module, Expr}; rethrow::Type, color::Bool, passthrough::Bool, capture_buffer::IOBuffer, io_context::Vector{Any})
│        @ IOCapture ~/.julia/packages/IOCapture/MR051/src/IOCapture.jl:167
│     [17] runner(::Type{Documenter.Expanders.ExampleBlocks}, node::MarkdownAST.Node{Nothing}, page::Documenter.Page, doc::Documenter.Document)
│        @ Documenter ~/.julia/packages/Documenter/xvqbW/src/expander_pipeline.jl:877
└ @ Documenter ~/.julia/packages/Documenter/xvqbW/src/utilities/utilities.jl:47
┌ Error: failed to run `@example` block in docs/src/examples/csg.md:93-96
│ ```@example csg
│ ax1 = Axis(fig[1, 1], title="A. Difference (Zalesak)", aspect=1)
│ plot_levelset!(ax1, geom_zalesak)
│ ```
│   exception =
│    UndefVarError: `geom_zalesak` not defined in `Main.__atexample__named__csg`
│    Suggestion: check for spelling errors or missing imports.
│    Stacktrace:
│      [1] top-level scope
│        @ csg.md:95
│      [2] eval
│        @ ./boot.jl:430 [inlined]
│      [3] #59
│        @ ~/.julia/packages/Documenter/xvqbW/src/expander_pipeline.jl:879 [inlined]
│      [4] cd(f::Documenter.var"#59#61"{Module, Expr}, dir::String)
│        @ Base.Filesystem ./file.jl:112
│      [5] (::Documenter.var"#58#60"{Documenter.Page, Module, Expr})()
│        @ Documenter ~/.julia/packages/Documenter/xvqbW/src/expander_pipeline.jl:878
│      [6] (::IOCapture.var"#5#9"{DataType, Documenter.var"#58#60"{Documenter.Page, Module, Expr}, IOContext{Base.PipeEndpoint}, IOContext{Base.PipeEndpoint}, IOStream, IOStream})()
│        @ IOCapture ~/.julia/packages/IOCapture/MR051/src/IOCapture.jl:170
│      [7] with_logstate(f::IOCapture.var"#5#9"{DataType, Documenter.var"#58#60"{Documenter.Page, Module, Expr}, IOContext{Base.PipeEndpoint}, IOContext{Base.PipeEndpoint}, IOStream, IOStream}, logstate::Base.CoreLogging.LogState)
│        @ Base.CoreLogging ./logging/logging.jl:524
│      [8] with_logger(f::Function, logger::Base.CoreLogging.ConsoleLogger)
│        @ Base.CoreLogging ./logging/logging.jl:635
│      [9] capture(f::Documenter.var"#58#60"{Documenter.Page, Module, Expr}; rethrow::Type, color::Bool, passthrough::Bool, capture_buffer::IOBuffer, io_context::Vector{Any})
│        @ IOCapture ~/.julia/packages/IOCapture/MR051/src/IOCapture.jl:167
│     [10] runner(::Type{Documenter.Expanders.ExampleBlocks}, node::MarkdownAST.Node{Nothing}, page::Documenter.Page, doc::Documenter.Document)
│        @ Documenter ~/.julia/packages/Documenter/xvqbW/src/expander_pipeline.jl:877
└ @ Documenter ~/.julia/packages/Documenter/xvqbW/src/utilities/utilities.jl:47
┌ Error: failed to run `@example` block in docs/src/examples/csg.md:100-103
│ ```@example csg
│ ax2 = Axis(fig[1, 2], title="B. Intersection (Clipped)", aspect=1)
│ plot_levelset!(ax2, geom_clipped)
│ ```
│   exception =
│    UndefVarError: `geom_clipped` not defined in `Main.__atexample__named__csg`
│    Suggestion: check for spelling errors or missing imports.
│    Stacktrace:
│      [1] top-level scope
│        @ csg.md:102
│      [2] eval
│        @ ./boot.jl:430 [inlined]
│      [3] #59
│        @ ~/.julia/packages/Documenter/xvqbW/src/expander_pipeline.jl:879 [inlined]
│      [4] cd(f::Documenter.var"#59#61"{Module, Expr}, dir::String)
│        @ Base.Filesystem ./file.jl:112
│      [5] (::Documenter.var"#58#60"{Documenter.Page, Module, Expr})()
│        @ Documenter ~/.julia/packages/Documenter/xvqbW/src/expander_pipeline.jl:878
│      [6] (::IOCapture.var"#5#9"{DataType, Documenter.var"#58#60"{Documenter.Page, Module, Expr}, IOContext{Base.PipeEndpoint}, IOContext{Base.PipeEndpoint}, IOStream, IOStream})()
│        @ IOCapture ~/.julia/packages/IOCapture/MR051/src/IOCapture.jl:170
│      [7] with_logstate(f::IOCapture.var"#5#9"{DataType, Documenter.var"#58#60"{Documenter.Page, Module, Expr}, IOContext{Base.PipeEndpoint}, IOContext{Base.PipeEndpoint}, IOStream, IOStream}, logstate::Base.CoreLogging.LogState)
│        @ Base.CoreLogging ./logging/logging.jl:524
│      [8] with_logger(f::Function, logger::Base.CoreLogging.ConsoleLogger)
│        @ Base.CoreLogging ./logging/logging.jl:635
│      [9] capture(f::Documenter.var"#58#60"{Documenter.Page, Module, Expr}; rethrow::Type, color::Bool, passthrough::Bool, capture_buffer::IOBuffer, io_context::Vector{Any})
│        @ IOCapture ~/.julia/packages/IOCapture/MR051/src/IOCapture.jl:167
│     [10] runner(::Type{Documenter.Expanders.ExampleBlocks}, node::MarkdownAST.Node{Nothing}, page::Documenter.Page, doc::Documenter.Document)
│        @ Documenter ~/.julia/packages/Documenter/xvqbW/src/expander_pipeline.jl:877
└ @ Documenter ~/.julia/packages/Documenter/xvqbW/src/utilities/utilities.jl:47
┌ Error: failed to run `@example` block in docs/src/examples/csg.md:107-114
│ ```@example csg
│ ax3 = Axis(fig[1, 3], title="C. Union (Metaballs)", aspect=1)
│ plot_levelset!(ax3, geom_union)
│ 
│ output_path = joinpath(@__DIR__, "csg_overview.png")
│ save(output_path, fig)
│ println("Saved $output_path")
│ ```
│   exception =
│    UndefVarError: `geom_union` not defined in `Main.__atexample__named__csg`
│    Suggestion: check for spelling errors or missing imports.
│    Stacktrace:
│      [1] top-level scope
│        @ csg.md:109
│      [2] eval
│        @ ./boot.jl:430 [inlined]
│      [3] #59
│        @ ~/.julia/packages/Documenter/xvqbW/src/expander_pipeline.jl:879 [inlined]
│      [4] cd(f::Documenter.var"#59#61"{Module, Expr}, dir::String)
│        @ Base.Filesystem ./file.jl:112
│      [5] (::Documenter.var"#58#60"{Documenter.Page, Module, Expr})()
│        @ Documenter ~/.julia/packages/Documenter/xvqbW/src/expander_pipeline.jl:878
│      [6] (::IOCapture.var"#5#9"{DataType, Documenter.var"#58#60"{Documenter.Page, Module, Expr}, IOContext{Base.PipeEndpoint}, IOContext{Base.PipeEndpoint}, IOStream, IOStream})()
│        @ IOCapture ~/.julia/packages/IOCapture/MR051/src/IOCapture.jl:170
│      [7] with_logstate(f::IOCapture.var"#5#9"{DataType, Documenter.var"#58#60"{Documenter.Page, Module, Expr}, IOContext{Base.PipeEndpoint}, IOContext{Base.PipeEndpoint}, IOStream, IOStream}, logstate::Base.CoreLogging.LogState)
│        @ Base.CoreLogging ./logging/logging.jl:524
│      [8] with_logger(f::Function, logger::Base.CoreLogging.ConsoleLogger)
│        @ Base.CoreLogging ./logging/logging.jl:635
│      [9] capture(f::Documenter.var"#58#60"{Documenter.Page, Module, Expr}; rethrow::Type, color::Bool, passthrough::Bool, capture_buffer::IOBuffer, io_context::Vector{Any})
│        @ IOCapture ~/.julia/packages/IOCapture/MR051/src/IOCapture.jl:167
│     [10] runner(::Type{Documenter.Expanders.ExampleBlocks}, node::MarkdownAST.Node{Nothing}, page::Documenter.Page, doc::Documenter.Document)
│        @ Documenter ~/.julia/packages/Documenter/xvqbW/src/expander_pipeline.jl:877
└ @ Documenter ~/.julia/packages/Documenter/xvqbW/src/utilities/utilities.jl:47
┌ Error: failed to run `@example` block in docs/src/examples/independent_motion_minimal.md:85-97
│ ```@example independent_motion_minimal
│ fig = Figure(size=(600, 600))
│ ax = Axis(fig[1, 1], aspect=1, limits=(0, 2, 0, 2),
│             title="Independent Motion (Multi-LS)")
│ 
│ output_path = joinpath(@__DIR__, "independent_motion_minimal.gif")
│ 
│ record(fig, output_path, 1:n_steps; framerate=15) do step
│     advance!(geom_pacman, dt)
│     advance!(geom_dot, dt)
│ 
│     empty!(ax)
│ ```
│   exception =
│    ParseError:
│    # Error @ independent_motion_minimal.md:11:16
│    
│        empty!(ax)
│    #             
│    └ ── Expected `end`
│    Stacktrace:
│      [1] top-level scope
│        @ independent_motion_minimal.md:96
│      [2] eval
│        @ ./boot.jl:430 [inlined]
│      [3] #59
│        @ ~/.julia/packages/Documenter/xvqbW/src/expander_pipeline.jl:879 [inlined]
│      [4] cd(f::Documenter.var"#59#61"{Module, Expr}, dir::String)
│        @ Base.Filesystem ./file.jl:112
│      [5] (::Documenter.var"#58#60"{Documenter.Page, Module, Expr})()
│        @ Documenter ~/.julia/packages/Documenter/xvqbW/src/expander_pipeline.jl:878
│      [6] (::IOCapture.var"#5#9"{DataType, Documenter.var"#58#60"{Documenter.Page, Module, Expr}, IOContext{Base.PipeEndpoint}, IOContext{Base.PipeEndpoint}, IOStream, IOStream})()
│        @ IOCapture ~/.julia/packages/IOCapture/MR051/src/IOCapture.jl:170
│      [7] with_logstate(f::IOCapture.var"#5#9"{DataType, Documenter.var"#58#60"{Documenter.Page, Module, Expr}, IOContext{Base.PipeEndpoint}, IOContext{Base.PipeEndpoint}, IOStream, IOStream}, logstate::Base.CoreLogging.LogState)
│        @ Base.CoreLogging ./logging/logging.jl:524
│      [8] with_logger(f::Function, logger::Base.CoreLogging.ConsoleLogger)
│        @ Base.CoreLogging ./logging/logging.jl:635
│      [9] capture(f::Documenter.var"#58#60"{Documenter.Page, Module, Expr}; rethrow::Type, color::Bool, passthrough::Bool, capture_buffer::IOBuffer, io_context::Vector{Any})
│        @ IOCapture ~/.julia/packages/IOCapture/MR051/src/IOCapture.jl:167
│     [10] runner(::Type{Documenter.Expanders.ExampleBlocks}, node::MarkdownAST.Node{Nothing}, page::Documenter.Page, doc::Documenter.Document)
│        @ Documenter ~/.julia/packages/Documenter/xvqbW/src/expander_pipeline.jl:877
└ @ Documenter ~/.julia/packages/Documenter/xvqbW/src/utilities/utilities.jl:47
┌ Error: failed to parse code block in docs/src/examples/independent_motion_minimal.md:101-121
│   exception =
│    ParseError:
│    # Error @ none:1:1
│    end
│    └─┘ ── invalid identifier
└ @ Documenter ~/.julia/packages/Documenter/xvqbW/src/utilities/utilities.jl:47
┌ Error: failed to run `@example` block in docs/src/examples/stokes_driven_minimal.md:170-179
│ ```@example stokes_driven_minimal
│ xs = range(0, 1, length=50)
│ ys = range(0, 1, length=50)
│ vel_mag = [norm(flow_vec(VectorValue(x, y))) for x in xs, y in ys]
│ 
│ output_path = joinpath(@__DIR__, "stokes_driven_minimal.gif")
│ 
│ record(fig, output_path, 1:n_steps; framerate=20) do step
│     advance!(geom, dt)
│ ```
│   exception =
│    ParseError:
│    # Error @ stokes_driven_minimal.md:8:24
│    record(fig, output_path, 1:n_steps; framerate=20) do step
│        advance!(geom, dt)
│    #                     
│    └ ── Expected `end`
│    Stacktrace:
│      [1] top-level scope
│        @ stokes_driven_minimal.md:178
│      [2] eval
│        @ ./boot.jl:430 [inlined]
│      [3] #59
│        @ ~/.julia/packages/Documenter/xvqbW/src/expander_pipeline.jl:879 [inlined]
│      [4] cd(f::Documenter.var"#59#61"{Module, Expr}, dir::String)
│        @ Base.Filesystem ./file.jl:112
│      [5] (::Documenter.var"#58#60"{Documenter.Page, Module, Expr})()
│        @ Documenter ~/.julia/packages/Documenter/xvqbW/src/expander_pipeline.jl:878
│      [6] (::IOCapture.var"#5#9"{DataType, Documenter.var"#58#60"{Documenter.Page, Module, Expr}, IOContext{Base.PipeEndpoint}, IOContext{Base.PipeEndpoint}, IOStream, IOStream})()
│        @ IOCapture ~/.julia/packages/IOCapture/MR051/src/IOCapture.jl:170
│      [7] with_logstate(f::IOCapture.var"#5#9"{DataType, Documenter.var"#58#60"{Documenter.Page, Module, Expr}, IOContext{Base.PipeEndpoint}, IOContext{Base.PipeEndpoint}, IOStream, IOStream}, logstate::Base.CoreLogging.LogState)
│        @ Base.CoreLogging ./logging/logging.jl:524
│      [8] with_logger(f::Function, logger::Base.CoreLogging.ConsoleLogger)
│        @ Base.CoreLogging ./logging/logging.jl:635
│      [9] capture(f::Documenter.var"#58#60"{Documenter.Page, Module, Expr}; rethrow::Type, color::Bool, passthrough::Bool, capture_buffer::IOBuffer, io_context::Vector{Any})
│        @ IOCapture ~/.julia/packages/IOCapture/MR051/src/IOCapture.jl:167
│     [10] runner(::Type{Documenter.Expanders.ExampleBlocks}, node::MarkdownAST.Node{Nothing}, page::Documenter.Page, doc::Documenter.Document)
│        @ Documenter ~/.julia/packages/Documenter/xvqbW/src/expander_pipeline.jl:877
└ @ Documenter ~/.julia/packages/Documenter/xvqbW/src/utilities/utilities.jl:47
┌ Error: failed to parse code block in docs/src/examples/stokes_driven_minimal.md:196-205
│   exception =
│    ParseError:
│    # Error @ none:1:1
│    end
│    └─┘ ── invalid identifier
└ @ Documenter ~/.julia/packages/Documenter/xvqbW/src/utilities/utilities.jl:47
[ Info: CrossReferences: building cross-references.
┌ Error: invalid local link/image: file does not exist in docs/src/examples/csg.md
│   link =
│    @ast MarkdownAST.Image("csg_overview.png", "") do
│      MarkdownAST.Text("CSG Overview")
│    end
│    
└ @ Documenter ~/.julia/packages/Documenter/xvqbW/src/utilities/utilities.jl:47
┌ Error: invalid local link/image: file does not exist in docs/src/examples/stokes_driven_minimal.md
│   link =
│    @ast MarkdownAST.Image("stokes_driven_minimal.gif", "") do
│      MarkdownAST.Text("Stokes Driven")
│    end
│    
└ @ Documenter ~/.julia/packages/Documenter/xvqbW/src/utilities/utilities.jl:47
┌ Error: invalid local link/image: file does not exist in docs/src/examples/independent_motion_minimal.md
│   link =
│    @ast MarkdownAST.Image("independent_motion_minimal.gif", "") do
│      MarkdownAST.Text("Independent Motion")
│    end
│    
└ @ Documenter ~/.julia/packages/Documenter/xvqbW/src/utilities/utilities.jl:47
[ Info: CheckDocument: running document checks.
[ Info: Populate: populating indices.
ERROR: LoadError: `makedocs` encountered errors [:cross_references, :example_block, :parse_error] -- terminating build before rendering.
Stacktrace:
 [1] error(s::String)
   @ Base ./error.jl:35
 [2] runner(::Type{Documenter.Builder.RenderDocument}, doc::Documenter.Document)
   @ Documenter ~/.julia/packages/Documenter/xvqbW/src/builder_pipeline.jl:259
 [3] dispatch(::Type{Documenter.Builder.DocumentPipeline}, x::Documenter.Document)
   @ Documenter.Selectors ~/.julia/packages/Documenter/xvqbW/src/utilities/Selectors.jl:170
 [4] #88
   @ ~/.julia/packages/Documenter/xvqbW/src/makedocs.jl:283 [inlined]
 [5] withenv(::Documenter.var"#88#90"{Documenter.Document}, ::Pair{String, Nothing}, ::Vararg{Pair{String, Nothing}})
   @ Base ./env.jl:265
 [6] #87
   @ ~/.julia/packages/Documenter/xvqbW/src/makedocs.jl:282 [inlined]
 [7] cd(f::Documenter.var"#87#89"{Documenter.Document}, dir::String)
   @ Base.Filesystem ./file.jl:112
 [8] makedocs(; debug::Bool, format::Documenter.HTMLWriter.HTML, kwargs::@Kwargs{modules::Vector{Module}, authors::String, sitename::String, pages::Vector{Pair{String, Any}}})
   @ Documenter ~/.julia/packages/Documenter/xvqbW/src/makedocs.jl:281
 [9] top-level scope
   @ ~/Documents/work/hybrid_FD_FE/EvolvingDomains.jl/docs/make.jl:32
in expression starting at /Users/naoufel/Documents/work/hybrid_FD_FE/EvolvingDomains.jl/docs/make.jl:32
